[11:02:22.619] [INFO] [36mInitializing Storybook[39m
[11:02:23.228] [DEBUG] Getting package.json info for C:/Users/USER/OneDrive/Desktop/AnemiaLens/frontend/package.json...
[11:02:23.229] [DEBUG] Getting CLI versions from NPM for storybook...
[11:02:23.229] [DEBUG] Executing command: npm info storybook version
[11:02:24.674] [INFO] Adding Storybook version 10.2.19 to your project
[11:02:24.678] [DEBUG] Project type detected: react
[11:02:24.678] [DEBUG] Using cached package.json for C:\Users\USER\OneDrive\Desktop\AnemiaLens\frontend\package.json...
[11:02:24.681] [DEBUG] Using cached package.json for C:\Users\USER\OneDrive\Desktop\AnemiaLens\frontend\package.json...
[11:02:24.682] [INFO] Framework detected: react-vite
[11:02:24.683] [DEBUG] Getting installed version for vitest...
[11:02:24.683] [DEBUG] Executing command: npm ls --json --depth=99 2>NUL
[11:02:26.094] [DEBUG] Executing command: npm ls --json --depth=0 2>NUL
[11:02:27.437] [DEBUG] Error finding installations for vitest: ExecaError: Command failed with exit code 1: npm.cmd ls --json "--depth=0" "2>NUL"

npm error code EINVALIDTAGNAME
npm error Invalid tag name "2>NUL" of package "2>NUL": Tags may not have any characters that encodeURIComponent encodes.
npm error A complete log of this run can be found in: C:\Users\USER\AppData\Local\npm-cache\_logs\2026-03-16T05_32_26_339Z-debug-0.log

{
  "error": {
    "code": "EINVALIDTAGNAME",
    "summary": "Invalid tag name \"2>NUL\" of package \"2>NUL\": Tags may not have any characters that encodeURIComponent encodes.",
    "detail": ""
  }
}
[11:02:27.437] [DEBUG] No installations found for vitest
[11:02:27.437] [DEBUG] Getting installed version for msw...
[11:02:27.437] [DEBUG] Executing command: npm ls --json --depth=99 2>NUL
[11:02:28.766] [DEBUG] Executing command: npm ls --json --depth=0 2>NUL
[11:02:30.225] [DEBUG] Error finding installations for msw: ExecaError: Command failed with exit code 1: npm.cmd ls --json "--depth=0" "2>NUL"

npm error code EINVALIDTAGNAME
npm error Invalid tag name "2>NUL" of package "2>NUL": Tags may not have any characters that encodeURIComponent encodes.
npm error A complete log of this run can be found in: C:\Users\USER\AppData\Local\npm-cache\_logs\2026-03-16T05_32_29_015Z-debug-0.log

{
  "error": {
    "code": "EINVALIDTAGNAME",
    "summary": "Invalid tag name \"2>NUL\" of package \"2>NUL\": Tags may not have any characters that encodeURIComponent encodes.",
    "detail": ""
  }
}
[11:02:30.225] [DEBUG] No installations found for msw
[11:02:30.233] [INFO] base-generator-task-start: Generating Storybook configuration
[11:02:30.233] [DEBUG] Using cached package.json for C:\Users\USER\OneDrive\Desktop\AnemiaLens\frontend\package.json...
[11:02:30.233] [DEBUG] Using cached package.json for C:\Users\USER\OneDrive\Desktop\AnemiaLens\frontend\package.json...
[11:02:30.233] [DEBUG] Using cached package.json for C:\Users\USER\OneDrive\Desktop\AnemiaLens\frontend\package.json...
[11:02:30.237] [DEBUG] Using cached version for storybook...
[11:02:30.237] [DEBUG] Getting CLI versions from NPM for @storybook/react-vite...
[11:02:30.237] [DEBUG] Executing command: npm info @storybook/react-vite version
[11:02:30.279] [DEBUG] Getting CLI versions from NPM for @chromatic-com/storybook...
[11:02:30.279] [DEBUG] Executing command: npm info @chromatic-com/storybook version
[11:02:30.335] [DEBUG] Getting CLI versions from NPM for @storybook/addon-vitest...
[11:02:30.335] [DEBUG] Executing command: npm info @storybook/addon-vitest version
[11:02:30.386] [DEBUG] Getting CLI versions from NPM for @storybook/addon-a11y...
[11:02:30.386] [DEBUG] Executing command: npm info @storybook/addon-a11y version
[11:02:30.441] [DEBUG] Getting CLI versions from NPM for @storybook/addon-docs...
[11:02:30.441] [DEBUG] Executing command: npm info @storybook/addon-docs version
[11:02:30.507] [DEBUG] Getting CLI versions from NPM for @storybook/addon-onboarding...
[11:02:30.507] [DEBUG] Executing command: npm info @storybook/addon-onboarding version
[11:02:33.665] [INFO] base-generator-task: - Configuring main.ts
[11:02:33.668] [INFO] base-generator-task: - Configuring preview.ts
[11:02:33.671] [INFO] base-generator-task: - Adding Storybook command to package.json
[11:02:33.672] [DEBUG] Getting package.json info for C:/Users/USER/OneDrive/Desktop/AnemiaLens/frontend/package.json...
[11:02:33.672] [DEBUG] Using cached package.json for C:\Users\USER\OneDrive\Desktop\AnemiaLens\frontend\package.json...
[11:02:33.672] [DEBUG] Using cached package.json for C:\Users\USER\OneDrive\Desktop\AnemiaLens\frontend\package.json...
[11:02:33.674] [INFO] base-generator-task: - Copying framework templates
[11:02:33.747] [DEBUG] Executing command: npm config get registry -ws=false -iwr
[11:02:34.658] [INFO] base-generator-task-success: Storybook configuration generated
[11:02:34.659] [DEBUG] Using cached package.json for C:\Users\USER\OneDrive\Desktop\AnemiaLens\frontend\package.json...
[11:02:34.659] [DEBUG] Using cached installed version for vitest...
[11:02:34.659] [DEBUG] Getting installed version for @vitest/coverage-v8...
[11:02:34.660] [DEBUG] Executing command: npm ls --json --depth=99 2>NUL
[11:02:36.020] [DEBUG] Executing command: npm ls --json --depth=0 2>NUL
[11:02:37.372] [DEBUG] Error finding installations for @vitest/coverage-v8: ExecaError: Command failed with exit code 1: npm.cmd ls --json "--depth=0" "2>NUL"

npm error code EINVALIDTAGNAME
npm error Invalid tag name "2>NUL" of package "2>NUL": Tags may not have any characters that encodeURIComponent encodes.
npm error A complete log of this run can be found in: C:\Users\USER\AppData\Local\npm-cache\_logs\2026-03-16T05_32_36_265Z-debug-0.log

{
  "error": {
    "code": "EINVALIDTAGNAME",
    "summary": "Invalid tag name \"2>NUL\" of package \"2>NUL\": Tags may not have any characters that encodeURIComponent encodes.",
    "detail": ""
  }
}
[11:02:37.372] [DEBUG] No installations found for @vitest/coverage-v8
[11:02:37.372] [DEBUG] Getting installed version for @vitest/coverage-istanbul...
[11:02:37.372] [DEBUG] Executing command: npm ls --json --depth=99 2>NUL
[11:02:38.705] [DEBUG] Executing command: npm ls --json --depth=0 2>NUL
[11:02:40.121] [DEBUG] Error finding installations for @vitest/coverage-istanbul: ExecaError: Command failed with exit code 1: npm.cmd ls --json "--depth=0" "2>NUL"

npm error code EINVALIDTAGNAME
npm error Invalid tag name "2>NUL" of package "2>NUL": Tags may not have any characters that encodeURIComponent encodes.
npm error A complete log of this run can be found in: C:\Users\USER\AppData\Local\npm-cache\_logs\2026-03-16T05_32_38_959Z-debug-0.log

{
  "error": {
    "code": "EINVALIDTAGNAME",
    "summary": "Invalid tag name \"2>NUL\" of package \"2>NUL\": Tags may not have any characters that encodeURIComponent encodes.",
    "detail": ""
  }
}
[11:02:40.121] [DEBUG] No installations found for @vitest/coverage-istanbul
[11:02:40.122] [INFO] adding-dependencies-task-start: Adding dependencies to package.json
[11:02:40.124] [INFO] adding-dependencies-task: Adding devDependencies:
- storybook@^10.2.19
- @storybook/react-vite@^10.2.19
- @chromatic-com/storybook@^5.0.1
- @storybook/addon-vitest@^10.2.19
- @storybook/addon-a11y@^10.2.19
- @storybook/addon-docs@^10.2.19
- @storybook/addon-onboarding@^10.2.19
- vitest
- playwright
- @vitest/browser-playwright
- @vitest/coverage-v8
[11:02:40.125] [DEBUG] Using cached package.json for C:\Users\USER\OneDrive\Desktop\AnemiaLens\frontend\package.json...
[11:02:40.125] [DEBUG] Using cached version for storybook...
[11:02:40.125] [DEBUG] Using cached version for @storybook/react-vite...
[11:02:40.125] [DEBUG] Using cached version for @chromatic-com/storybook...
[11:02:40.125] [DEBUG] Using cached version for @storybook/addon-vitest...
[11:02:40.125] [DEBUG] Using cached version for @storybook/addon-a11y...
[11:02:40.125] [DEBUG] Using cached version for @storybook/addon-docs...
[11:02:40.125] [DEBUG] Using cached version for @storybook/addon-onboarding...
[11:02:40.125] [DEBUG] Getting CLI versions from NPM for vitest...
[11:02:40.125] [DEBUG] Executing command: npm info vitest version
[11:02:41.640] [DEBUG] Getting CLI versions from NPM for playwright...
[11:02:41.640] [DEBUG] Executing command: npm info playwright version
[11:02:43.397] [DEBUG] Getting CLI versions from NPM for @vitest/browser-playwright...
[11:02:43.397] [DEBUG] Executing command: npm info @vitest/browser-playwright version
[11:02:45.857] [DEBUG] Getting CLI versions from NPM for @vitest/coverage-v8...
[11:02:45.857] [DEBUG] Executing command: npm info @vitest/coverage-v8 version
[11:02:48.475] [DEBUG] Using cached package.json for C:\Users\USER\OneDrive\Desktop\AnemiaLens\frontend\package.json...
[11:02:48.476] [INFO] adding-dependencies-task-success: Dependencies added to package.json
[11:02:48.477] [INFO] Installing dependencies...
[11:02:48.478] [INFO] install-dependencies-spinner-start: Installing dependencies...
[11:02:48.480] [DEBUG] Executing command: npm install
[11:03:17.422] [INFO] Installing dependencies...: 
added 172 packages, and audited 305 packages in 29s

[11:03:17.422] [INFO] install-dependencies-spinner: Installing dependencies...: added 172 packages, and a
[11:03:17.422] [INFO] Installing dependencies...: 
66 packages are looking for funding

[11:03:17.422] [INFO] install-dependencies-spinner: Installing dependencies...: 66 packages are looking f
[11:03:17.422] [INFO] Installing dependencies...:   run `npm fund` for details

[11:03:17.422] [INFO] install-dependencies-spinner: Installing dependencies...: run `npm fund` for detail
[11:03:17.436] [INFO] Installing dependencies...: 
2 moderate severity vulnerabilities

To address all issues (including breaking changes), run:
  npm audit fix --force

Run `npm audit` for details.

[11:03:17.436] [INFO] install-dependencies-spinner: Installing dependencies...: 2 moderate severity vulne
[11:03:17.538] [INFO] Dependencies installed
[11:03:17.539] [INFO] install-dependencies-spinner-stop: Dependencies installed
[11:03:17.547] [INFO] configure-addons-task-start: Configuring addons...
[11:03:17.547] [INFO] configure-addons-task: Configuring @chromatic-com/storybook...
[11:03:17.554] [INFO] configure-addons-task: @chromatic-com/storybook configured

[11:03:17.554] [INFO] configure-addons-task: Configuring @storybook/addon-vitest...
[11:03:17.559] [DEBUG] Getting package.json info for C:/Users/USER/OneDrive/Desktop/AnemiaLens/frontend/package.json...
[11:03:17.559] [DEBUG] Using cached package.json for C:\Users\USER\OneDrive\Desktop\AnemiaLens\frontend\package.json...
[11:03:17.559] [DEBUG] Getting installed version for vitest...
[11:03:17.559] [DEBUG] Executing command: npm ls --json --depth=99 2>NUL
[11:03:19.469] [DEBUG] Executing command: npm ls --json --depth=0 2>NUL
[11:03:21.409] [DEBUG] Error finding installations for vitest: ExecaError: Command failed with exit code 1: npm.cmd ls --json "--depth=0" "2>NUL"

npm error code EINVALIDTAGNAME
npm error Invalid tag name "2>NUL" of package "2>NUL": Tags may not have any characters that encodeURIComponent encodes.
npm error A complete log of this run can be found in: C:\Users\USER\AppData\Local\npm-cache\_logs\2026-03-16T05_33_19_788Z-debug-0.log

{
  "error": {
    "code": "EINVALIDTAGNAME",
    "summary": "Invalid tag name \"2>NUL\" of package \"2>NUL\": Tags may not have any characters that encodeURIComponent encodes.",
    "detail": ""
  }
}
[11:03:21.409] [DEBUG] No installations found for vitest
[11:03:21.410] [DEBUG] Vitest version specifier: 4.1.0
[11:03:21.683] [DEBUG] Using cached installed version for vitest...
[11:03:21.683] [DEBUG] Getting installed version for msw...
[11:03:21.683] [DEBUG] Executing command: npm ls --json --depth=99 2>NUL
[11:03:23.445] [DEBUG] Executing command: npm ls --json --depth=0 2>NUL
[11:03:25.166] [DEBUG] Error finding installations for msw: ExecaError: Command failed with exit code 1: npm.cmd ls --json "--depth=0" "2>NUL"

npm error code EINVALIDTAGNAME
npm error Invalid tag name "2>NUL" of package "2>NUL": Tags may not have any characters that encodeURIComponent encodes.
npm error A complete log of this run can be found in: C:\Users\USER\AppData\Local\npm-cache\_logs\2026-03-16T05_33_23_818Z-debug-0.log

{
  "error": {
    "code": "EINVALIDTAGNAME",
    "summary": "Invalid tag name \"2>NUL\" of package \"2>NUL\": Tags may not have any characters that encodeURIComponent encodes.",
    "detail": ""
  }
}
[11:03:25.166] [DEBUG] No installations found for msw
[11:03:25.166] [INFO] Creating a Vitest setup file for Storybook:
[11:03:25.167] [INFO] C:/Users/USER/OneDrive/Desktop/AnemiaLens/frontend/.storybook/vitest.setup.ts

[11:03:25.223] [INFO] Updating your Vite config file:
[11:03:25.223] [INFO]   C:\Users\USER\OneDrive\Desktop\AnemiaLens\frontend\vite.config.ts
[11:03:25.251] [INFO] Setting up a11y addon for @storybook/addon-vitest
[11:03:25.251] [INFO] Setting up a11y addon for @storybook/addon-vitest
[11:03:25.251] [DEBUG] Executing command: npx storybook@10.2.19 automigrate addon-a11y-addon-test --loglevel silent --yes --skip-doctor --package-manager npm --skip-install
[11:03:57.733] [INFO] a11y addon setup successfully
[11:03:57.733] [INFO] [32ma11y addon setup successfully[39m
[11:03:57.733] [INFO] [32m@storybook/addon-vitest setup completed successfully[39m
[11:03:57.734] [INFO] @storybook/addon-vitest is now configured and you're ready to run your tests!
Here are a couple of tips to get you started:

• You can run tests with "[36mnpx vitest --project=storybook[39m"
• Vitest IDE extension shows all stories as tests in your editor!

Check the documentation for more information about its features and options at:
https://storybook.js.org/docs/next/writing-tests/integrations/vitest-addon
[11:03:57.735] [INFO] configure-addons-task: @storybook/addon-vitest configured

[11:03:57.735] [INFO] configure-addons-task: Configuring @storybook/addon-a11y...
[11:03:57.736] [DEBUG] Executing command: npx storybook@10.2.19 automigrate addon-a11y-addon-test --loglevel silent --skip-doctor --yes --package-manager npm --config-dir .storybook
[11:04:10.076] [INFO] configure-addons-task: @storybook/addon-a11y configured

[11:04:10.077] [INFO] configure-addons-task: Configuring @storybook/addon-docs...
[11:04:10.082] [INFO] configure-addons-task: @storybook/addon-docs configured

[11:04:10.082] [INFO] configure-addons-task: Configuring @storybook/addon-onboarding...
[11:04:10.090] [INFO] configure-addons-task: @storybook/addon-onboarding configured

[11:04:10.091] [INFO] configure-addons-task-success: Addons configured successfully
[11:04:10.091] [INFO] [2m✅ @chromatic-com/storybook[22m
[11:04:10.093] [INFO] [2m✅ @storybook/addon-vitest[22m
[11:04:10.093] [INFO] [2m✅ @storybook/addon-a11y[22m
[11:04:10.093] [INFO] [2m✅ @storybook/addon-docs[22m
[11:04:10.093] [INFO] [2m✅ @storybook/addon-onboarding[22m
[11:04:10.094] [INFO] Installing Playwright browser binaries (press "c" to abort)
[11:04:10.094] [INFO] playwright-installation-spinner-start: Installing Playwright browser binaries (press "c" to abort)
[11:04:10.095] [DEBUG] Executing command: npx playwright install chromium --with-deps
[11:04:16.299] [INFO] Installing Playwright browser binaries (press "c" to abort): Failed to install browsers
Error: EPERM: operation not permitted, mkdir 'C:\Users\USER\AppData\Local\ms-playwright'

[11:04:16.299] [INFO] playwright-installation-spinner: Installing Playwright browser binaries (press "c" to abort): Failed to install browser
[11:04:16.386] [ERROR] An error occurred while installing Playwright browser binaries. Please run the following command later: npx playwright install chromium --with-deps {"error":"ExecaError: Command failed with exit code 1: npx.cmd playwright install chromium --with-deps\n\nFailed to install browsers\nError: EPERM: operation not permitted, mkdir 'C:\\Users\\USER\\AppData\\Local\\ms-playwright'\n    at getFinalError (file:///C:/Users/USER/AppData/Local/npm-cache/_npx/0ca1b7128fc3b03f/node_modules/storybook/dist/_node-chunks/chunk-2RKLK4B2.js:13109:10)\n    at makeError (file:///C:/Users/USER/AppData/Local/npm-cache/_npx/0ca1b7128fc3b03f/node_modules/storybook/dist/_node-chunks/chunk-2RKLK4B2.js:14645:15)\n    at getAsyncResult (file:///C:/Users/USER/AppData/Local/npm-cache/_npx/0ca1b7128fc3b03f/node_modules/storybook/dist/_node-chunks/chunk-2RKLK4B2.js:17291:158)\n    at handlePromise (file:///C:/Users/USER/AppData/Local/npm-cache/_npx/0ca1b7128fc3b03f/node_modules/storybook/dist/_node-chunks/chunk-2RKLK4B2.js:17277:162)\n    at process.processTicksAndRejections (node:internal/process/task_queues:105:5)\n    at async Object.executeTaskWithSpinner (file:///C:/Users/USER/AppData/Local/npm-cache/_npx/0ca1b7128fc3b03f/node_modules/storybook/dist/_node-chunks/chunk-V5TALVQU.js:3683:11)\n    at async AddonVitestService.installPlaywright (file:///C:/Users/USER/AppData/Local/npm-cache/_npx/0ca1b7128fc3b03f/node_modules/storybook/dist/_node-chunks/chunk-M3DDSQUK.js:5842:17)\n    at async AddonConfigurationCommand.execute (file:///C:/Users/USER/AppData/Local/npm-cache/_npx/0ca1b7128fc3b03f/node_modules/create-storybook/dist/_node-chunks/chunk-A2TV2F7M.js:1969:26)\n    at async doInitiate (file:///C:/Users/USER/AppData/Local/npm-cache/_npx/0ca1b7128fc3b03f/node_modules/create-storybook/dist/_node-chunks/chunk-A2TV2F7M.js:2854:38)\n    at async file:///C:/Users/USER/AppData/Local/npm-cache/_npx/0ca1b7128fc3b03f/node_modules/create-storybook/dist/_node-chunks/chunk-A2TV2F7M.js:2882:20"}
[11:04:16.386] [ERROR] playwright-installation-spinner-error: [31mAn error occurred while installing Playwright browser binaries. Please run the following command later: npx playwright install chromium --with-deps[39m
[11:04:16.388] [INFO] Storybook collects completely anonymous usage telemetry. We use it to shape Storybook's roadmap and prioritize features. You can learn more, including how to opt out, at https://storybook.js.org/telemetry
[11:04:17.644] [WARN] Storybook setup completed, but some non-blocking errors occurred. Please check the log file below for details.
[11:04:17.645] [INFO] To run Storybook manually, run [36mnpm run storybook[39m. CTRL+C to stop.
[11:04:17.646] [INFO] Wanna know more about Storybook? Check out [36mhttps://storybook.js.org/[39m
Having trouble or want to chat? Join us at [36mhttps://discord.gg/storybook/[39m